../Core/Src/rbuf.c:40:21:RBUF_Init	16	static
../Core/Src/rbuf.c:70:6:RBUF_DeInit	8	static
../Core/Src/rbuf.c:93:6:RBUF_IsFull	0	static
../Core/Src/rbuf.c:108:6:RBUF_IsEmpty	0	static
../Core/Src/rbuf.c:123:10:RBUF_Available	0	static
../Core/Src/rbuf.c:137:10:RBUF_Used	0	static
../Core/Src/rbuf.c:150:6:RBUF_Format	4	static
../Core/Src/rbuf.c:168:6:RBUF_Push	8	static
../Core/Src/rbuf.c:192:6:RBUF_PushN	24	static
../Core/Src/rbuf.c:220:6:RBUF_Pop	8	static
../Core/Src/rbuf.c:244:6:RBUF_PopN	24	static
